[ 2026-06-04 07:15:54,067 ] 169 root - INFO - ==================================================
[ 2026-06-04 07:15:54,067 ] 170 root - INFO - FETCHING ALL ENTITIES
[ 2026-06-04 07:15:54,067 ] 171 root - INFO - ==================================================
[ 2026-06-04 07:15:54,067 ] 174 root - INFO - 
\u2500\u2500 Drivers \u2500\u2500\u2500\u2500\u2500\u2500\u2500\u2500\u2500\u2500\u2500\u2500\u2500\u2500\u2500\u2500\u2500\u2500\u2500\u2500\u2500\u2500\u2500\u2500\u2500\u2500\u2500\u2500\u2500\u2500\u2500\u2500\u2500\u2500
[ 2026-06-04 07:15:55,083 ] 33 root - INFO -   No new data — 879 records up to date
[ 2026-06-04 07:15:55,088 ] 184 root - INFO -   Final driver count: 879
[ 2026-06-04 07:15:55,088 ] 187 root - INFO - 
\u2500\u2500 Constructors \u2500\u2500\u2500\u2500\u2500\u2500\u2500\u2500\u2500\u2500\u2500\u2500\u2500\u2500\u2500\u2500\u2500\u2500\u2500\u2500\u2500\u2500\u2500\u2500\u2500\u2500\u2500\u2500\u2500
[ 2026-06-04 07:15:56,124 ] 33 root - INFO -   No new data — 214 records up to date
[ 2026-06-04 07:15:56,128 ] 197 root - INFO -   Final constructor count: 214
[ 2026-06-04 07:15:56,128 ] 200 root - INFO - 
\u2500\u2500 Circuits \u2500\u2500\u2500\u2500\u2500\u2500\u2500\u2500\u2500\u2500\u2500\u2500\u2500\u2500\u2500\u2500\u2500\u2500\u2500\u2500\u2500\u2500\u2500\u2500\u2500\u2500\u2500\u2500\u2500\u2500\u2500\u2500\u2500
[ 2026-06-04 07:15:56,754 ] 33 root - INFO -   No new data — 78 records up to date
[ 2026-06-04 07:15:56,756 ] 210 root - INFO -   Final circuit count: 78
[ 2026-06-04 07:15:56,756 ] 213 root - INFO - 
==================================================
[ 2026-06-04 07:15:56,756 ] 214 root - INFO - DONE
[ 2026-06-04 07:15:56,756 ] 215 root - INFO -   Drivers      : 879
[ 2026-06-04 07:15:56,756 ] 216 root - INFO -   Constructors : 214
[ 2026-06-04 07:15:56,756 ] 217 root - INFO -   Circuits     : 78
[ 2026-06-04 07:15:56,756 ] 218 root - INFO - ==================================================
