[ 2026-06-04 07:52:48,799 ] 33 root - INFO -   Fetching 2010 schedule...
[ 2026-06-04 07:52:49,516 ] 75 root - INFO -   Saved 2010_schedule.parquet (19 races)
[ 2026-06-04 07:52:49,516 ] 33 root - INFO -   Fetching 2011 schedule...
[ 2026-06-04 07:52:50,340 ] 75 root - INFO -   Saved 2011_schedule.parquet (19 races)
[ 2026-06-04 07:52:50,340 ] 33 root - INFO -   Fetching 2012 schedule...
[ 2026-06-04 07:52:51,160 ] 75 root - INFO -   Saved 2012_schedule.parquet (20 races)
[ 2026-06-04 07:52:51,161 ] 33 root - INFO -   Fetching 2013 schedule...
[ 2026-06-04 07:52:52,887 ] 75 root - INFO -   Saved 2013_schedule.parquet (19 races)
[ 2026-06-04 07:52:52,888 ] 33 root - INFO -   Fetching 2014 schedule...
[ 2026-06-04 07:52:53,564 ] 75 root - INFO -   Saved 2014_schedule.parquet (19 races)
[ 2026-06-04 07:52:53,564 ] 33 root - INFO -   Fetching 2015 schedule...
[ 2026-06-04 07:52:54,375 ] 75 root - INFO -   Saved 2015_schedule.parquet (19 races)
[ 2026-06-04 07:52:54,375 ] 33 root - INFO -   Fetching 2016 schedule...
[ 2026-06-04 07:52:55,032 ] 75 root - INFO -   Saved 2016_schedule.parquet (21 races)
[ 2026-06-04 07:52:55,032 ] 33 root - INFO -   Fetching 2017 schedule...
[ 2026-06-04 07:52:55,878 ] 75 root - INFO -   Saved 2017_schedule.parquet (20 races)
[ 2026-06-04 07:52:55,878 ] 33 root - INFO -   Fetching 2018 schedule...
[ 2026-06-04 07:52:56,534 ] 75 root - INFO -   Saved 2018_schedule.parquet (21 races)
[ 2026-06-04 07:52:56,534 ] 33 root - INFO -   Fetching 2019 schedule...
[ 2026-06-04 07:52:57,209 ] 75 root - INFO -   Saved 2019_schedule.parquet (21 races)
[ 2026-06-04 07:52:57,209 ] 33 root - INFO -   Fetching 2020 schedule...
[ 2026-06-04 07:52:57,880 ] 75 root - INFO -   Saved 2020_schedule.parquet (17 races)
[ 2026-06-04 07:52:57,880 ] 33 root - INFO -   Fetching 2021 schedule...
[ 2026-06-04 07:52:58,499 ] 75 root - INFO -   Saved 2021_schedule.parquet (22 races)
[ 2026-06-04 07:52:58,499 ] 33 root - INFO -   Fetching 2022 schedule...
[ 2026-06-04 07:52:59,340 ] 75 root - INFO -   Saved 2022_schedule.parquet (22 races)
[ 2026-06-04 07:52:59,340 ] 33 root - INFO -   Fetching 2023 schedule...
[ 2026-06-04 07:52:59,981 ] 75 root - INFO -   Saved 2023_schedule.parquet (22 races)
[ 2026-06-04 07:52:59,981 ] 33 root - INFO -   Fetching 2024 schedule...
[ 2026-06-04 07:53:00,538 ] 75 root - INFO -   Saved 2024_schedule.parquet (24 races)
[ 2026-06-04 07:53:00,538 ] 33 root - INFO -   Fetching 2025 schedule...
[ 2026-06-04 07:53:01,178 ] 75 root - INFO -   Saved 2025_schedule.parquet (24 races)
[ 2026-06-04 07:53:01,283 ] 106 root - INFO -   Master file updated — 329 total races
[ 2026-06-04 07:53:01,284 ] 123 root - INFO -    season  round_number              race_name  circuit_ref   race_date  race_time    fp1_date    fp2_date    fp3_date  quali_date sprint_date  has_sprint
0    2010             1     Bahrain Grand Prix      bahrain  2010-03-14  12:00:00Z  2010-03-12  2010-03-12  2010-03-13  2010-03-13         NaN       False
1    2010             2  Australian Grand Prix  albert_park  2010-03-28  06:00:00Z  2010-03-26  2010-03-26  2010-03-27  2010-03-27         NaN       False
2    2010             3   Malaysian Grand Prix       sepang  2010-04-04  08:00:00Z  2010-04-02  2010-04-02  2010-04-03  2010-04-03         NaN       False
3    2010             4     Chinese Grand Prix     shanghai  2010-04-18  06:00:00Z  2010-04-16  2010-04-16  2010-04-17  2010-04-17         NaN       False
4    2010             5     Spanish Grand Prix    catalunya  2010-05-09  12:00:00Z  2010-05-07  2010-05-07  2010-05-08  2010-05-08         NaN       False
