[ 2026-06-04 06:52:30,242 ] 137 root - INFO - ==================================================
[ 2026-06-04 06:52:30,242 ] 138 root - INFO - FETCHING ALL ENTITIES
[ 2026-06-04 06:52:30,242 ] 139 root - INFO - ==================================================
[ 2026-06-04 06:52:30,243 ] 142 root - INFO - 
\u2500\u2500 Drivers \u2500\u2500\u2500\u2500\u2500\u2500\u2500\u2500\u2500\u2500\u2500\u2500\u2500\u2500\u2500\u2500\u2500\u2500\u2500\u2500\u2500\u2500\u2500\u2500\u2500\u2500\u2500\u2500\u2500\u2500\u2500\u2500\u2500\u2500
[ 2026-06-04 06:52:30,243 ] 50 root - INFO -   Fetching drivers.parquet from Jolpica...
[ 2026-06-04 06:52:31,034 ] 69 root - INFO -   Fetched 100/879...
[ 2026-06-04 06:52:31,774 ] 69 root - INFO -   Fetched 200/879...
[ 2026-06-04 06:52:32,346 ] 69 root - INFO -   Fetched 300/879...
[ 2026-06-04 06:52:32,904 ] 69 root - INFO -   Fetched 400/879...
[ 2026-06-04 06:52:33,463 ] 69 root - INFO -   Fetched 500/879...
[ 2026-06-04 06:52:34,113 ] 69 root - INFO -   Fetched 600/879...
[ 2026-06-04 06:52:34,808 ] 69 root - INFO -   Fetched 700/879...
[ 2026-06-04 06:52:35,419 ] 69 root - INFO -   Fetched 800/879...
[ 2026-06-04 06:52:35,983 ] 69 root - INFO -   Fetched 879/879...
[ 2026-06-04 06:52:35,983 ] 75 root - INFO -   Total fetched: 879
[ 2026-06-04 06:52:36,017 ] 82 root - INFO -   Saved 879 rows \u2192 C:\Users\Asus\Desktop\Formula1\data\bronze\entities\drivers.parquet
[ 2026-06-04 06:52:36,018 ] 152 root - INFO -   Final driver count: 879
[ 2026-06-04 06:52:36,018 ] 155 root - INFO - 
\u2500\u2500 Constructors \u2500\u2500\u2500\u2500\u2500\u2500\u2500\u2500\u2500\u2500\u2500\u2500\u2500\u2500\u2500\u2500\u2500\u2500\u2500\u2500\u2500\u2500\u2500\u2500\u2500\u2500\u2500\u2500\u2500
[ 2026-06-04 06:52:36,019 ] 50 root - INFO -   Fetching constructors.parquet from Jolpica...
[ 2026-06-04 06:52:36,575 ] 69 root - INFO -   Fetched 100/214...
[ 2026-06-04 06:52:37,163 ] 69 root - INFO -   Fetched 200/214...
[ 2026-06-04 06:52:37,755 ] 69 root - INFO -   Fetched 214/214...
[ 2026-06-04 06:52:37,755 ] 75 root - INFO -   Total fetched: 214
[ 2026-06-04 06:52:37,762 ] 82 root - INFO -   Saved 214 rows \u2192 C:\Users\Asus\Desktop\Formula1\data\bronze\entities\constructors.parquet
[ 2026-06-04 06:52:37,763 ] 165 root - INFO -   Final constructor count: 214
[ 2026-06-04 06:52:37,763 ] 168 root - INFO - 
\u2500\u2500 Circuits \u2500\u2500\u2500\u2500\u2500\u2500\u2500\u2500\u2500\u2500\u2500\u2500\u2500\u2500\u2500\u2500\u2500\u2500\u2500\u2500\u2500\u2500\u2500\u2500\u2500\u2500\u2500\u2500\u2500\u2500\u2500\u2500\u2500
[ 2026-06-04 06:52:37,763 ] 50 root - INFO -   Fetching circuits.parquet from Jolpica...
[ 2026-06-04 06:52:38,391 ] 69 root - INFO -   Fetched 78/78...
[ 2026-06-04 06:52:38,391 ] 75 root - INFO -   Total fetched: 78
[ 2026-06-04 06:52:38,398 ] 82 root - INFO -   Saved 78 rows \u2192 C:\Users\Asus\Desktop\Formula1\data\bronze\entities\circuits.parquet
[ 2026-06-04 06:52:38,400 ] 178 root - INFO -   Final circuit count: 78
[ 2026-06-04 06:52:38,400 ] 181 root - INFO - 
==================================================
[ 2026-06-04 06:52:38,400 ] 182 root - INFO - DONE
[ 2026-06-04 06:52:38,400 ] 183 root - INFO -   Drivers      : 879
[ 2026-06-04 06:52:38,400 ] 184 root - INFO -   Constructors : 214
[ 2026-06-04 06:52:38,400 ] 185 root - INFO -   Circuits     : 78
[ 2026-06-04 06:52:38,400 ] 186 root - INFO - ==================================================
